ventana 1/8: OOS 2021-08-01 -> 2022-02-01: retorno +0.67 %, 26 trades
ventana 2/8: OOS 2022-02-01 -> 2022-08-01: retorno +0.00 %, 0 trades
ventana 3/8: OOS 2022-08-01 -> 2023-02-01: retorno +0.39 %, 4 trades
ventana 4/8: OOS 2023-02-01 -> 2023-08-01: retorno -0.09 %, 29 trades
ventana 5/8: OOS 2023-08-01 -> 2024-02-01: retorno +4.94 %, 23 trades
ventana 6/8: OOS 2024-02-01 -> 2024-08-01: retorno +0.37 %, 29 trades
ventana 7/8: OOS 2024-08-01 -> 2025-02-01: retorno +0.35 %, 27 trades
ventana 8/8: OOS 2025-02-01 -> 2025-08-01: retorno +0.09 %, 25 trades
muestra completa 2019-08-01 -> 2025-08-01 con parámetros fijos
meseta 1/14: {'entry_period': 48}
meseta 2/14: {'entry_period': 72}
meseta 3/14: {'exit_period': 16}
meseta 4/14: {'exit_period': 24}
meseta 5/14: {'atr_mult': 2.4}
meseta 6/14: {'atr_mult': 3.6}
meseta 7/14: {'entry_period': 48, 'exit_period': 16, 'atr_mult': 2.4}
meseta 8/14: {'entry_period': 48, 'exit_period': 16, 'atr_mult': 3.6}
meseta 9/14: {'entry_period': 48, 'exit_period': 24, 'atr_mult': 2.4}
meseta 10/14: {'entry_period': 48, 'exit_period': 24, 'atr_mult': 3.6}
meseta 11/14: {'entry_period': 72, 'exit_period': 16, 'atr_mult': 2.4}
meseta 12/14: {'entry_period': 72, 'exit_period': 16, 'atr_mult': 3.6}
meseta 13/14: {'entry_period': 72, 'exit_period': 24, 'atr_mult': 2.4}
meseta 14/14: {'entry_period': 72, 'exit_period': 24, 'atr_mult': 3.6}
#  IS                       OOS                         retorno  sharpe   max dd trades  params
1  2019-08-01 -> 2021-08-01 2021-08-01 -> 2022-02-01     +0.67 %    0.54    1.87 %     26  base
2  2020-02-01 -> 2022-02-01 2022-02-01 -> 2022-08-01     +0.00 %       -   -0.00 %      0  base
3  2020-08-01 -> 2022-08-01 2022-08-01 -> 2023-02-01     +0.39 %    0.73    0.48 %      4  base
4  2021-02-01 -> 2023-02-01 2023-02-01 -> 2023-08-01     -0.09 %   -0.04    1.56 %     29  base
5  2021-08-01 -> 2023-08-01 2023-08-01 -> 2024-02-01     +4.94 %    2.42    1.75 %     23  base
6  2022-02-01 -> 2024-02-01 2024-02-01 -> 2024-08-01     +0.37 %    0.25    2.56 %     29  base
7  2022-08-01 -> 2024-08-01 2024-08-01 -> 2025-02-01     +0.35 %    0.28    2.02 %     27  base
8  2023-02-01 -> 2025-02-01 2025-02-01 -> 2025-08-01     +0.09 %    0.07    3.25 %     25  base
metrica              OOS concatenado           B&H BTC (OOS)  B&H BTC filtrado (OOS)     Equiponderado (OOS)        muestra completa
retorno                      +6.81 %               +175.83 %               +214.53 %               +174.95 %                +21.74 %
cagr                         +1.66 %                +28.87 %                +33.17 %                +28.77 %                 +3.33 %
sharpe                          0.61                    0.76                    1.07                    0.72                    1.06
max dd                       +5.11 %                +77.11 %                +26.93 %                +81.53 %                 +5.18 %
pf                              1.40                       -                       -                       -                    1.75
trades                           163                       0                       0                       0                     249
exposicion                  +26.76 %               +100.00 %               +100.00 %               +100.00 %                +28.06 %
monte carlo (5000 corridas, 163 trades): max DD p50 3.14 %, p95 6.07 %, p99 7.70 %; retorno p05 -1.71 %
bootstrap por bloques (1460 retornos diarios, informativo): max DD p50 4.22 %, p95 7.77 %; retorno p05 -3.46 %
meseta: 14 variantes, pasan 100 %; con Sharpe >= 0.5 x base: 100 %
gate 1: no aprobado (1 criterios fallan)
  FALLA Sharpe OOS                      0.61                      umbral >= 0.8 y >= B&H BTC (0.76)
  OK    Profit factor OOS               1.40                      umbral >= 1.3
  OK    Max DD OOS                      5.11 %                    umbral <= 25 % y <= 50 % del DD B&H (77.11 %)
  OK    Universo activo en OOS          8/8                       umbral todos los pares con datos en todas las ventanas
  OK    Ventanas OOS positivas          6/8 (75 %)                umbral >= 60 %
  OK    Trades muestra completa         249                       umbral >= 100
  OK    Trades curva OOS                163                       umbral >= 40
  OK    Régimen: retorno 2020           +7.09 %                   umbral > 0
  OK    Régimen: retorno 2021           +7.56 %                   umbral > 0
  OK    Régimen: retorno 2023           +5.73 %                   umbral > 0
  OK    Régimen: retorno 2024           +0.82 %                   umbral > 0
  OK    Régimen: retorno 2022           +0.00 %                   umbral >= -8 %
  OK    Régimen: max DD intra-año       3.87 % (2025)             umbral <= 25 %
  OK    Meseta ±20 %                    100.00 %                  umbral >= 80 % de variantes con PF > 1.1 y retorno > 0
  OK    Monte Carlo DD p95              6.07 %                    umbral <= 35 %
  n/a   Holdout                         -                         umbral PF > 1.1 y DD <= 25 %
duracion 27 s
registrado: WF-0047-ml-control-donchian-a-5bps -> /Users/joaquinmarcoff/Desktop/Projects/trading-bot-project/trading-bot/experiments/runs/WF-0047-ml-control-donchian-a-5bps
