ventana 1/8: OOS 2021-08-01 -> 2022-02-01: retorno +0.49 %, 35 trades
ventana 2/8: OOS 2022-02-01 -> 2022-08-01: retorno +0.00 %, 0 trades
ventana 3/8: OOS 2022-08-01 -> 2023-02-01: retorno +0.74 %, 7 trades
ventana 4/8: OOS 2023-02-01 -> 2023-08-01: retorno -0.17 %, 37 trades
ventana 5/8: OOS 2023-08-01 -> 2024-02-01: retorno +17.30 %, 30 trades
ventana 6/8: OOS 2024-02-01 -> 2024-08-01: retorno +3.45 %, 37 trades
ventana 7/8: OOS 2024-08-01 -> 2025-02-01: retorno +5.41 %, 36 trades
ventana 8/8: OOS 2025-02-01 -> 2025-08-01: retorno +5.42 %, 31 trades
muestra completa 2019-08-01 -> 2025-08-01 con parámetros fijos
meseta 1/14: {'entry_period': 48}
meseta 2/14: {'entry_period': 72}
meseta 3/14: {'exit_period': 16}
meseta 4/14: {'exit_period': 24}
meseta 5/14: {'atr_mult': 2.4}
meseta 6/14: {'atr_mult': 3.6}
meseta 7/14: {'entry_period': 48, 'exit_period': 16, 'atr_mult': 2.4}
meseta 8/14: {'entry_period': 48, 'exit_period': 16, 'atr_mult': 3.6}
meseta 9/14: {'entry_period': 48, 'exit_period': 24, 'atr_mult': 2.4}
meseta 10/14: {'entry_period': 48, 'exit_period': 24, 'atr_mult': 3.6}
meseta 11/14: {'entry_period': 72, 'exit_period': 16, 'atr_mult': 2.4}
meseta 12/14: {'entry_period': 72, 'exit_period': 16, 'atr_mult': 3.6}
meseta 13/14: {'entry_period': 72, 'exit_period': 24, 'atr_mult': 2.4}
meseta 14/14: {'entry_period': 72, 'exit_period': 24, 'atr_mult': 3.6}
#  IS                       OOS                         retorno  sharpe   max dd trades  params
1  2019-08-01 -> 2021-08-01 2021-08-01 -> 2022-02-01     +0.49 %    0.19    4.91 %     35  base
2  2020-02-01 -> 2022-02-01 2022-02-01 -> 2022-08-01     +0.00 %       -   -0.00 %      0  base
3  2020-08-01 -> 2022-08-01 2022-08-01 -> 2023-02-01     +0.74 %    0.40    1.66 %      7  base
4  2021-02-01 -> 2023-02-01 2023-02-01 -> 2023-08-01     -0.17 %    0.01    3.43 %     37  base
5  2021-08-01 -> 2023-08-01 2023-08-01 -> 2024-02-01    +17.30 %    2.86    4.86 %     30  base
6  2022-02-01 -> 2024-02-01 2024-02-01 -> 2024-08-01     +3.45 %    0.86    5.05 %     37  base
7  2022-08-01 -> 2024-08-01 2024-08-01 -> 2025-02-01     +5.41 %    1.19    5.17 %     36  base
8  2023-02-01 -> 2025-02-01 2025-02-01 -> 2025-08-01     +5.42 %    1.17    7.27 %     31  base
metrica              OOS concatenado           B&H BTC (OOS)  B&H BTC filtrado (OOS)     Equiponderado (OOS)        muestra completa
retorno                     +36.29 %               +175.83 %               +214.53 %               +174.95 %                +87.51 %
cagr                         +8.05 %                +28.87 %                +33.17 %                +28.77 %                +11.04 %
sharpe                          1.01                    0.76                    1.07                    0.72                    1.27
max dd                       +8.92 %                +77.11 %                +26.93 %                +81.53 %                 +8.87 %
pf                              1.70                       -                       -                       -                    1.90
trades                           213                       0                       0                       0                     328
exposicion                  +28.06 %               +100.00 %               +100.00 %               +100.00 %                +29.09 %
monte carlo (5000 corridas, 213 trades): max DD p50 5.53 %, p95 10.67 %, p99 14.14 %; retorno p05 +8.23 %
bootstrap por bloques (1460 retornos diarios, informativo): max DD p50 9.68 %, p95 16.83 %; retorno p05 -0.43 %
meseta: 14 variantes, pasan 100 %; con Sharpe >= 0.5 x base: 100 %
gate 1: aprobado (falta el holdout)
  OK    Sharpe OOS                      1.01                      umbral >= 0.8 y >= B&H BTC (0.76)
  OK    Profit factor OOS               1.70                      umbral >= 1.3
  OK    Max DD OOS                      8.92 %                    umbral <= 25 % y <= 50 % del DD B&H (77.11 %)
  OK    Universo activo en OOS          8/8                       umbral todos los pares con datos en todas las ventanas
  OK    Ventanas OOS positivas          6/8 (75 %)                umbral >= 60 %
  OK    Trades muestra completa         328                       umbral >= 100
  OK    Trades curva OOS                213                       umbral >= 40
  OK    Régimen: retorno 2020           +16.77 %                  umbral > 0
  OK    Régimen: retorno 2021           +18.79 %                  umbral > 0
  OK    Régimen: retorno 2023           +19.38 %                  umbral > 0
  OK    Régimen: retorno 2024           +9.44 %                   umbral > 0
  OK    Régimen: retorno 2022           +0.00 %                   umbral >= -8 %
  OK    Régimen: max DD intra-año       7.26 % (2025)             umbral <= 25 %
  OK    Meseta ±20 %                    100.00 %                  umbral >= 80 % de variantes con PF > 1.1 y retorno > 0
  OK    Monte Carlo DD p95              10.67 %                   umbral <= 35 %
  n/a   Holdout                         -                         umbral PF > 1.1 y DD <= 25 %
duracion 30 s
registrado: WF-0050-ml-control-donchian-b-5bps -> /Users/joaquinmarcoff/Desktop/Projects/trading-bot-project/trading-bot/experiments/runs/WF-0050-ml-control-donchian-b-5bps
