ventana 1/8: OOS 2021-08-01 -> 2022-02-01: retorno +0.47 %, 26 trades
ventana 2/8: OOS 2022-02-01 -> 2022-08-01: retorno +0.00 %, 0 trades
ventana 3/8: OOS 2022-08-01 -> 2023-02-01: retorno +0.34 %, 4 trades
ventana 4/8: OOS 2023-02-01 -> 2023-08-01: retorno -0.43 %, 29 trades
ventana 5/8: OOS 2023-08-01 -> 2024-02-01: retorno +4.63 %, 23 trades
ventana 6/8: OOS 2024-02-01 -> 2024-08-01: retorno +0.03 %, 29 trades
ventana 7/8: OOS 2024-08-01 -> 2025-02-01: retorno +0.06 %, 27 trades
ventana 8/8: OOS 2025-02-01 -> 2025-08-01: retorno -0.31 %, 25 trades
muestra completa 2019-08-01 -> 2025-08-01 con parámetros fijos
meseta 1/14: {'entry_period': 48}
meseta 2/14: {'entry_period': 72}
meseta 3/14: {'exit_period': 16}
meseta 4/14: {'exit_period': 24}
meseta 5/14: {'atr_mult': 2.4}
meseta 6/14: {'atr_mult': 3.6}
meseta 7/14: {'entry_period': 48, 'exit_period': 16, 'atr_mult': 2.4}
meseta 8/14: {'entry_period': 48, 'exit_period': 16, 'atr_mult': 3.6}
meseta 9/14: {'entry_period': 48, 'exit_period': 24, 'atr_mult': 2.4}
meseta 10/14: {'entry_period': 48, 'exit_period': 24, 'atr_mult': 3.6}
meseta 11/14: {'entry_period': 72, 'exit_period': 16, 'atr_mult': 2.4}
meseta 12/14: {'entry_period': 72, 'exit_period': 16, 'atr_mult': 3.6}
meseta 13/14: {'entry_period': 72, 'exit_period': 24, 'atr_mult': 2.4}
meseta 14/14: {'entry_period': 72, 'exit_period': 24, 'atr_mult': 3.6}
#  IS                       OOS                         retorno  sharpe   max dd trades  params
1  2019-08-01 -> 2021-08-01 2021-08-01 -> 2022-02-01     +0.47 %    0.37    1.95 %     26  base
2  2020-02-01 -> 2022-02-01 2022-02-01 -> 2022-08-01     +0.00 %       -   -0.00 %      0  base
3  2020-08-01 -> 2022-08-01 2022-08-01 -> 2023-02-01     +0.34 %    0.63    0.51 %      4  base
4  2021-02-01 -> 2023-02-01 2023-02-01 -> 2023-08-01     -0.43 %   -0.24    1.86 %     29  base
5  2021-08-01 -> 2023-08-01 2023-08-01 -> 2024-02-01     +4.63 %    2.26    1.85 %     23  base
6  2022-02-01 -> 2024-02-01 2024-02-01 -> 2024-08-01     +0.03 %    0.03    2.78 %     29  base
7  2022-08-01 -> 2024-08-01 2024-08-01 -> 2025-02-01     +0.06 %    0.06    2.14 %     27  base
8  2023-02-01 -> 2025-02-01 2025-02-01 -> 2025-08-01     -0.31 %   -0.17    3.54 %     25  base
metrica              OOS concatenado           B&H BTC (OOS)  B&H BTC filtrado (OOS)     Equiponderado (OOS)        muestra completa
retorno                      +4.78 %               +172.55 %               +181.86 %               +171.69 %                +17.82 %
cagr                         +1.17 %                +28.49 %                +29.57 %                +28.39 %                 +2.77 %
sharpe                          0.43                    0.75                    0.98                    0.72                    0.88
max dd                       +5.89 %                +77.18 %                +28.57 %                +81.59 %                 +5.97 %
pf                              1.28                       -                       -                       -                    1.58
trades                           163                       0                       0                       0                     250
exposicion                  +26.74 %               +100.00 %               +100.00 %               +100.00 %                +28.05 %
monte carlo (5000 corridas, 163 trades): max DD p50 3.64 %, p95 7.11 %, p99 9.13 %; retorno p05 -3.65 %
bootstrap por bloques (1460 retornos diarios, informativo): max DD p50 4.79 %, p95 8.88 %; retorno p05 -5.24 %
meseta: 14 variantes, pasan 100 %; con Sharpe >= 0.5 x base: 100 %
gate 1: no aprobado (2 criterios fallan)
  FALLA Sharpe OOS                      0.43                      umbral >= 0.8 y >= B&H BTC (0.75)
  FALLA Profit factor OOS               1.28                      umbral >= 1.3
  OK    Max DD OOS                      5.89 %                    umbral <= 25 % y <= 50 % del DD B&H (77.18 %)
  OK    Universo activo en OOS          8/8                       umbral todos los pares con datos en todas las ventanas
  OK    Ventanas OOS positivas          5/8 (62 %)                umbral >= 60 %
  OK    Trades muestra completa         250                       umbral >= 100
  OK    Trades curva OOS                163                       umbral >= 40
  OK    Régimen: retorno 2020           +6.58 %                   umbral > 0
  OK    Régimen: retorno 2021           +6.49 %                   umbral > 0
  OK    Régimen: retorno 2023           +5.06 %                   umbral > 0
  OK    Régimen: retorno 2024           +0.17 %                   umbral > 0
  OK    Régimen: retorno 2022           +0.00 %                   umbral >= -8 %
  OK    Régimen: max DD intra-año       4.21 % (2025)             umbral <= 25 %
  OK    Meseta ±20 %                    100.00 %                  umbral >= 80 % de variantes con PF > 1.1 y retorno > 0
  OK    Monte Carlo DD p95              7.11 %                    umbral <= 35 %
  n/a   Holdout                         -                         umbral PF > 1.1 y DD <= 25 %
duracion 28 s
registrado: WF-0049-ml-control-donchian-a-20bps -> /Users/joaquinmarcoff/Desktop/Projects/trading-bot-project/trading-bot/experiments/runs/WF-0049-ml-control-donchian-a-20bps
