ventana 1/8: OOS 2021-08-01 -> 2022-02-01: retorno -1.32 %, 65 trades
ventana 2/8: OOS 2022-02-01 -> 2022-08-01: retorno +0.00 %, 0 trades
ventana 3/8: OOS 2022-08-01 -> 2023-02-01: retorno -1.06 %, 15 trades
ventana 4/8: OOS 2023-02-01 -> 2023-08-01: retorno -5.68 %, 110 trades
ventana 5/8: OOS 2023-08-01 -> 2024-02-01: retorno -2.35 %, 81 trades
ventana 6/8: OOS 2024-02-01 -> 2024-08-01: retorno +0.63 %, 99 trades
ventana 7/8: OOS 2024-08-01 -> 2025-02-01: retorno -7.22 %, 90 trades
ventana 8/8: OOS 2025-02-01 -> 2025-08-01: retorno -3.70 %, 101 trades
muestra completa 2019-08-01 -> 2025-08-01 con parámetros fijos
meseta 1/14: {'atr_period': 8}
meseta 2/14: {'atr_period': 12}
meseta 3/14: {'multiplier': 2.4}
meseta 4/14: {'multiplier': 3.6}
meseta 5/14: {'stop_atr_mult': 2.4}
meseta 6/14: {'stop_atr_mult': 3.6}
meseta 7/14: {'atr_period': 8, 'multiplier': 2.4, 'stop_atr_mult': 2.4}
meseta 8/14: {'atr_period': 8, 'multiplier': 2.4, 'stop_atr_mult': 3.6}
meseta 9/14: {'atr_period': 8, 'multiplier': 3.6, 'stop_atr_mult': 2.4}
meseta 10/14: {'atr_period': 8, 'multiplier': 3.6, 'stop_atr_mult': 3.6}
meseta 11/14: {'atr_period': 12, 'multiplier': 2.4, 'stop_atr_mult': 2.4}
meseta 12/14: {'atr_period': 12, 'multiplier': 2.4, 'stop_atr_mult': 3.6}
meseta 13/14: {'atr_period': 12, 'multiplier': 3.6, 'stop_atr_mult': 2.4}
meseta 14/14: {'atr_period': 12, 'multiplier': 3.6, 'stop_atr_mult': 3.6}
#  IS                       OOS                         retorno  sharpe   max dd trades  params
1  2019-08-01 -> 2021-08-01 2021-08-01 -> 2022-02-01     -1.32 %   -0.56    3.24 %     65  base
2  2020-02-01 -> 2022-02-01 2022-02-01 -> 2022-08-01     +0.00 %       -   -0.00 %      0  base
3  2020-08-01 -> 2022-08-01 2022-08-01 -> 2023-02-01     -1.06 %   -0.81    1.90 %     15  base
4  2021-02-01 -> 2023-02-01 2023-02-01 -> 2023-08-01     -5.68 %   -1.98    6.86 %    110  base
5  2021-08-01 -> 2023-08-01 2023-08-01 -> 2024-02-01     -2.35 %   -0.99    5.00 %     81  base
6  2022-02-01 -> 2024-02-01 2024-02-01 -> 2024-08-01     +0.63 %    0.24    4.03 %     99  base
7  2022-08-01 -> 2024-08-01 2024-08-01 -> 2025-02-01     -7.22 %   -3.54    7.31 %     90  base
8  2023-02-01 -> 2025-02-01 2025-02-01 -> 2025-08-01     -3.70 %   -1.33    6.95 %    101  base
metrica              OOS concatenado           B&H BTC (OOS)  B&H BTC filtrado (OOS)     Equiponderado (OOS)        muestra completa
retorno                     -19.16 %               +172.55 %               +178.66 %               +171.69 %                 -9.28 %
cagr                         -5.18 %                +28.49 %                +29.20 %                +28.39 %                 -1.61 %
sharpe                         -1.12                    0.75                    0.97                    0.72                   -0.27
max dd                      +21.29 %                +77.34 %                +29.70 %                +81.69 %                +21.54 %
pf                              0.73                       -                       -                       -                    0.92
trades                           561                       0                       0                       0                     833
exposicion                  +22.70 %               +100.00 %               +100.00 %               +100.00 %                +24.16 %
monte carlo (5000 corridas, 561 trades): max DD p50 22.66 %, p95 34.16 %, p99 38.56 %; retorno p05 -32.74 %
bootstrap por bloques (1460 retornos diarios, informativo): max DD p50 20.49 %, p95 29.71 %; retorno p05 -28.33 %
meseta: 14 variantes, pasan 0 %
gate 1: no aprobado (6 criterios fallan)
  FALLA Sharpe OOS                      -1.12                     umbral >= 0.8 y >= B&H BTC (0.75)
  FALLA Profit factor OOS               0.73                      umbral >= 1.3
  OK    Max DD OOS                      21.29 %                   umbral <= 25 % y <= 50 % del DD B&H (77.34 %)
  OK    Universo activo en OOS          8/8                       umbral todos los pares con datos en todas las ventanas
  FALLA Ventanas OOS positivas          1/8 (12 %)                umbral >= 60 %
  OK    Trades muestra completa         833                       umbral >= 100
  OK    Trades curva OOS                561                       umbral >= 40
  OK    Régimen: retorno 2020           +8.50 %                   umbral > 0
  OK    Régimen: retorno 2021           +4.58 %                   umbral > 0
  FALLA Régimen: retorno 2023           -7.87 %                   umbral > 0
  FALLA Régimen: retorno 2024           -5.06 %                   umbral > 0
  OK    Régimen: retorno 2022           +0.00 %                   umbral >= -8 %
  OK    Régimen: max DD intra-año       8.53 % (2023)             umbral <= 25 %
  FALLA Meseta ±20 %                    0.00 %                    umbral >= 80 % de variantes con PF > 1.1 y retorno > 0
  OK    Monte Carlo DD p95              34.16 %                   umbral <= 35 %
  n/a   Holdout                         -                         umbral PF > 1.1 y DD <= 25 %
duracion 125 s
registrado: WF-0031-supertrend-1h-a-20bps-walkforward -> /Users/joaquinmarcoff/Desktop/Projects/trading-bot-project/trading-bot/experiments/runs/WF-0031-supertrend-1h-a-20bps-walkforward
