ventana 1/8: OOS 2021-08-01 -> 2022-02-01: retorno +0.37 %, 63 trades
ventana 2/8: OOS 2022-02-01 -> 2022-08-01: retorno +0.00 %, 0 trades
ventana 3/8: OOS 2022-08-01 -> 2023-02-01: retorno -0.72 %, 15 trades
ventana 4/8: OOS 2023-02-01 -> 2023-08-01: retorno -2.66 %, 107 trades
ventana 5/8: OOS 2023-08-01 -> 2024-02-01: retorno -0.35 %, 81 trades
ventana 6/8: OOS 2024-02-01 -> 2024-08-01: retorno +3.14 %, 99 trades
ventana 7/8: OOS 2024-08-01 -> 2025-02-01: retorno -5.11 %, 88 trades
ventana 8/8: OOS 2025-02-01 -> 2025-08-01: retorno -0.71 %, 99 trades
muestra completa 2019-08-01 -> 2025-08-01 con parámetros fijos
meseta 1/14: {'atr_period': 8}
meseta 2/14: {'atr_period': 12}
meseta 3/14: {'multiplier': 2.4}
meseta 4/14: {'multiplier': 3.6}
meseta 5/14: {'stop_atr_mult': 2.4}
meseta 6/14: {'stop_atr_mult': 3.6}
meseta 7/14: {'atr_period': 8, 'multiplier': 2.4, 'stop_atr_mult': 2.4}
meseta 8/14: {'atr_period': 8, 'multiplier': 2.4, 'stop_atr_mult': 3.6}
meseta 9/14: {'atr_period': 8, 'multiplier': 3.6, 'stop_atr_mult': 2.4}
meseta 10/14: {'atr_period': 8, 'multiplier': 3.6, 'stop_atr_mult': 3.6}
meseta 11/14: {'atr_period': 12, 'multiplier': 2.4, 'stop_atr_mult': 2.4}
meseta 12/14: {'atr_period': 12, 'multiplier': 2.4, 'stop_atr_mult': 3.6}
meseta 13/14: {'atr_period': 12, 'multiplier': 3.6, 'stop_atr_mult': 2.4}
meseta 14/14: {'atr_period': 12, 'multiplier': 3.6, 'stop_atr_mult': 3.6}
#  IS                       OOS                         retorno  sharpe   max dd trades  params
1  2019-08-01 -> 2021-08-01 2021-08-01 -> 2022-02-01     +0.37 %    0.19    2.88 %     63  base
2  2020-02-01 -> 2022-02-01 2022-02-01 -> 2022-08-01     +0.00 %       -   -0.00 %      0  base
3  2020-08-01 -> 2022-08-01 2022-08-01 -> 2023-02-01     -0.72 %   -0.56    1.67 %     15  base
4  2021-02-01 -> 2023-02-01 2023-02-01 -> 2023-08-01     -2.66 %   -0.97    4.19 %    107  base
5  2021-08-01 -> 2023-08-01 2023-08-01 -> 2024-02-01     -0.35 %   -0.13    3.14 %     81  base
6  2022-02-01 -> 2024-02-01 2024-02-01 -> 2024-08-01     +3.14 %    1.05    3.52 %     99  base
7  2022-08-01 -> 2024-08-01 2024-08-01 -> 2025-02-01     -5.11 %   -2.61    5.23 %     88  base
8  2023-02-01 -> 2025-02-01 2025-02-01 -> 2025-08-01     -0.71 %   -0.26    4.99 %     99  base
metrica              OOS concatenado           B&H BTC (OOS)  B&H BTC filtrado (OOS)     Equiponderado (OOS)        muestra completa
retorno                      -6.08 %               +175.83 %               +210.90 %               +174.95 %                +14.13 %
cagr                         -1.56 %                +28.87 %                +32.79 %                +28.77 %                 +2.23 %
sharpe                         -0.33                    0.76                    1.06                    0.72                    0.43
max dd                      +10.79 %                +77.27 %                +28.10 %                +81.64 %                +10.73 %
pf                              0.92                       -                       -                       -                    1.14
trades                           552                       0                       0                       0                     844
exposicion                  +22.89 %               +100.00 %               +100.00 %               +100.00 %                +24.95 %
monte carlo (5000 corridas, 552 trades): max DD p50 11.08 %, p95 20.63 %, p99 24.67 %; retorno p05 -18.25 %
bootstrap por bloques (1460 retornos diarios, informativo): max DD p50 10.85 %, p95 19.11 %; retorno p05 -16.48 %
meseta: 14 variantes, pasan 36 %; con Sharpe >= 0.5 x base: 50 %
gate 1: no aprobado (6 criterios fallan)
  FALLA Sharpe OOS                      -0.33                     umbral >= 0.8 y >= B&H BTC (0.76)
  FALLA Profit factor OOS               0.92                      umbral >= 1.3
  OK    Max DD OOS                      10.79 %                   umbral <= 25 % y <= 50 % del DD B&H (77.27 %)
  OK    Universo activo en OOS          8/8                       umbral todos los pares con datos en todas las ventanas
  FALLA Ventanas OOS positivas          2/8 (25 %)                umbral >= 60 %
  OK    Trades muestra completa         844                       umbral >= 100
  OK    Trades curva OOS                552                       umbral >= 40
  OK    Régimen: retorno 2020           +12.76 %                  umbral > 0
  OK    Régimen: retorno 2021           +8.09 %                   umbral > 0
  FALLA Régimen: retorno 2023           -2.96 %                   umbral > 0
  FALLA Régimen: retorno 2024           -0.66 %                   umbral > 0
  OK    Régimen: retorno 2022           +0.00 %                   umbral >= -8 %
  OK    Régimen: max DD intra-año       6.09 % (2024)             umbral <= 25 %
  FALLA Meseta ±20 %                    35.71 %                   umbral >= 80 % de variantes con PF > 1.1 y retorno > 0
  OK    Monte Carlo DD p95              20.63 %                   umbral <= 35 %
  n/a   Holdout                         -                         umbral PF > 1.1 y DD <= 25 %
duracion 133 s
registrado: WF-0029-supertrend-1h-a-5bps-walkforward -> /Users/joaquinmarcoff/Desktop/Projects/trading-bot-project/trading-bot/experiments/runs/WF-0029-supertrend-1h-a-5bps-walkforward
