ventana 1/8: OOS 2021-08-01 -> 2022-02-01: retorno +2.89 %, 23 trades
ventana 2/8: OOS 2022-02-01 -> 2022-08-01: retorno +0.00 %, 0 trades
ventana 3/8: OOS 2022-08-01 -> 2023-02-01: retorno -1.70 %, 5 trades
ventana 4/8: OOS 2023-02-01 -> 2023-08-01: retorno -5.26 %, 47 trades
ventana 5/8: OOS 2023-08-01 -> 2024-02-01: retorno +5.04 %, 31 trades
ventana 6/8: OOS 2024-02-01 -> 2024-08-01: retorno -1.39 %, 31 trades
ventana 7/8: OOS 2024-08-01 -> 2025-02-01: retorno +0.93 %, 23 trades
ventana 8/8: OOS 2025-02-01 -> 2025-08-01: retorno +0.76 %, 27 trades
muestra completa 2019-08-01 -> 2025-08-01 con parámetros fijos
meseta 1/14: {'atr_period': 8}
meseta 2/14: {'atr_period': 12}
meseta 3/14: {'multiplier': 2.4}
meseta 4/14: {'multiplier': 3.6}
meseta 5/14: {'stop_atr_mult': 2.4}
meseta 6/14: {'stop_atr_mult': 3.6}
meseta 7/14: {'atr_period': 8, 'multiplier': 2.4, 'stop_atr_mult': 2.4}
meseta 8/14: {'atr_period': 8, 'multiplier': 2.4, 'stop_atr_mult': 3.6}
meseta 9/14: {'atr_period': 8, 'multiplier': 3.6, 'stop_atr_mult': 2.4}
meseta 10/14: {'atr_period': 8, 'multiplier': 3.6, 'stop_atr_mult': 3.6}
meseta 11/14: {'atr_period': 12, 'multiplier': 2.4, 'stop_atr_mult': 2.4}
meseta 12/14: {'atr_period': 12, 'multiplier': 2.4, 'stop_atr_mult': 3.6}
meseta 13/14: {'atr_period': 12, 'multiplier': 3.6, 'stop_atr_mult': 2.4}
meseta 14/14: {'atr_period': 12, 'multiplier': 3.6, 'stop_atr_mult': 3.6}
#  IS                       OOS                         retorno  sharpe   max dd trades  params
1  2019-08-01 -> 2021-08-01 2021-08-01 -> 2022-02-01     +2.89 %    1.13    3.18 %     23  base
2  2020-02-01 -> 2022-02-01 2022-02-01 -> 2022-08-01     +0.00 %       -   -0.00 %      0  base
3  2020-08-01 -> 2022-08-01 2022-08-01 -> 2023-02-01     -1.70 %   -1.92    2.58 %      5  base
4  2021-02-01 -> 2023-02-01 2023-02-01 -> 2023-08-01     -5.26 %   -1.41    7.19 %     47  base
5  2021-08-01 -> 2023-08-01 2023-08-01 -> 2024-02-01     +5.04 %    1.22    5.61 %     31  base
6  2022-02-01 -> 2024-02-01 2024-02-01 -> 2024-08-01     -1.39 %   -0.46    5.54 %     31  base
7  2022-08-01 -> 2024-08-01 2024-08-01 -> 2025-02-01     +0.93 %    0.36    3.23 %     23  base
8  2023-02-01 -> 2025-02-01 2025-02-01 -> 2025-08-01     +0.76 %    0.25    6.62 %     27  base
metrica              OOS concatenado           B&H BTC (OOS)  B&H BTC filtrado (OOS)     Equiponderado (OOS)        muestra completa
retorno                      +0.94 %               +172.55 %               +181.86 %               +171.69 %                 +6.13 %
cagr                         +0.23 %                +28.49 %                +29.57 %                +28.39 %                 +1.00 %
sharpe                          0.07                    0.75                    0.98                    0.72                    0.19
max dd                       +8.61 %                +77.18 %                +28.57 %                +81.59 %                 +8.60 %
pf                              1.04                       -                       -                       -                    1.10
trades                           187                       0                       0                       0                     281
exposicion                  +24.87 %               +100.00 %               +100.00 %               +100.00 %                +24.91 %
monte carlo (5000 corridas, 187 trades): max DD p50 8.51 %, p95 17.18 %, p99 21.33 %; retorno p05 -13.12 %
bootstrap por bloques (1460 retornos diarios, informativo): max DD p50 11.89 %, p95 21.79 %; retorno p05 -16.75 %
meseta: 14 variantes, pasan 64 %; con Sharpe >= 0.5 x base: 93 %
gate 1: no aprobado (5 criterios fallan)
  FALLA Sharpe OOS                      0.07                      umbral >= 0.8 y >= B&H BTC (0.75)
  FALLA Profit factor OOS               1.04                      umbral >= 1.3
  OK    Max DD OOS                      8.61 %                    umbral <= 25 % y <= 50 % del DD B&H (77.18 %)
  OK    Universo activo en OOS          8/8                       umbral todos los pares con datos en todas las ventanas
  FALLA Ventanas OOS positivas          4/8 (50 %)                umbral >= 60 %
  OK    Trades muestra completa         281                       umbral >= 100
  OK    Trades curva OOS                187                       umbral >= 40
  OK    Régimen: retorno 2020           +2.90 %                   umbral > 0
  OK    Régimen: retorno 2021           +7.08 %                   umbral > 0
  OK    Régimen: retorno 2023           +0.65 %                   umbral > 0
  FALLA Régimen: retorno 2024           -2.49 %                   umbral > 0
  OK    Régimen: retorno 2022           +0.00 %                   umbral >= -8 %
  OK    Régimen: max DD intra-año       8.37 % (2023)             umbral <= 25 %
  FALLA Meseta ±20 %                    64.29 %                   umbral >= 80 % de variantes con PF > 1.1 y retorno > 0
  OK    Monte Carlo DD p95              17.18 %                   umbral <= 35 %
  n/a   Holdout                         -                         umbral PF > 1.1 y DD <= 25 %
duracion 30 s
registrado: WF-0028-supertrend-4h-b-20bps-walkforward -> /Users/joaquinmarcoff/Desktop/Projects/trading-bot-project/trading-bot/experiments/runs/WF-0028-supertrend-4h-b-20bps-walkforward
