ventana 1/8: OOS 2021-08-01 -> 2022-02-01: retorno -2.41 %, 86 trades
ventana 2/8: OOS 2022-02-01 -> 2022-08-01: retorno +0.00 %, 0 trades
ventana 3/8: OOS 2022-08-01 -> 2023-02-01: retorno -3.44 %, 21 trades
ventana 4/8: OOS 2023-02-01 -> 2023-08-01: retorno -8.42 %, 144 trades
ventana 5/8: OOS 2023-08-01 -> 2024-02-01: retorno -1.25 %, 107 trades
ventana 6/8: OOS 2024-02-01 -> 2024-08-01: retorno +1.95 %, 134 trades
ventana 7/8: OOS 2024-08-01 -> 2025-02-01: retorno -12.73 %, 120 trades
ventana 8/8: OOS 2025-02-01 -> 2025-08-01: retorno -2.99 %, 134 trades
muestra completa 2019-08-01 -> 2025-08-01 con parámetros fijos
meseta 1/14: {'atr_period': 8}
meseta 2/14: {'atr_period': 12}
meseta 3/14: {'multiplier': 2.4}
meseta 4/14: {'multiplier': 3.6}
meseta 5/14: {'stop_atr_mult': 2.4}
meseta 6/14: {'stop_atr_mult': 3.6}
meseta 7/14: {'atr_period': 8, 'multiplier': 2.4, 'stop_atr_mult': 2.4}
meseta 8/14: {'atr_period': 8, 'multiplier': 2.4, 'stop_atr_mult': 3.6}
meseta 9/14: {'atr_period': 8, 'multiplier': 3.6, 'stop_atr_mult': 2.4}
meseta 10/14: {'atr_period': 8, 'multiplier': 3.6, 'stop_atr_mult': 3.6}
meseta 11/14: {'atr_period': 12, 'multiplier': 2.4, 'stop_atr_mult': 2.4}
meseta 12/14: {'atr_period': 12, 'multiplier': 2.4, 'stop_atr_mult': 3.6}
meseta 13/14: {'atr_period': 12, 'multiplier': 3.6, 'stop_atr_mult': 2.4}
meseta 14/14: {'atr_period': 12, 'multiplier': 3.6, 'stop_atr_mult': 3.6}
#  IS                       OOS                         retorno  sharpe   max dd trades  params
1  2019-08-01 -> 2021-08-01 2021-08-01 -> 2022-02-01     -2.41 %   -0.40    7.18 %     86  base
2  2020-02-01 -> 2022-02-01 2022-02-01 -> 2022-08-01     +0.00 %       -   -0.00 %      0  base
3  2020-08-01 -> 2022-08-01 2022-08-01 -> 2023-02-01     -3.44 %   -1.14    4.54 %     21  base
4  2021-02-01 -> 2023-02-01 2023-02-01 -> 2023-08-01     -8.42 %   -1.40   12.32 %    144  base
5  2021-08-01 -> 2023-08-01 2023-08-01 -> 2024-02-01     -1.25 %   -0.18    6.96 %    107  base
6  2022-02-01 -> 2024-02-01 2024-02-01 -> 2024-08-01     +1.95 %    0.39    7.44 %    134  base
7  2022-08-01 -> 2024-08-01 2024-08-01 -> 2025-02-01    -12.73 %   -2.63   13.47 %    120  base
8  2023-02-01 -> 2025-02-01 2025-02-01 -> 2025-08-01     -2.99 %   -0.51   11.58 %    134  base
metrica              OOS concatenado           B&H BTC (OOS)  B&H BTC filtrado (OOS)     Equiponderado (OOS)        muestra completa
retorno                     -26.44 %               +175.83 %               +210.90 %               +174.95 %                 +2.51 %
cagr                         -7.39 %                +28.87 %                +32.79 %                +28.77 %                 +0.41 %
sharpe                         -0.72                    0.76                    1.06                    0.72                    0.09
max dd                      +30.92 %                +77.27 %                +28.10 %                +81.64 %                +32.47 %
pf                              0.82                       -                       -                       -                    1.01
trades                           746                       0                       0                       0                    1104
exposicion                  +23.90 %               +100.00 %               +100.00 %               +100.00 %                +25.30 %
monte carlo (5000 corridas, 746 trades): max DD p50 33.65 %, p95 54.81 %, p99 63.08 %; retorno p05 -52.28 %
bootstrap por bloques (1460 retornos diarios, informativo): max DD p50 30.64 %, p95 45.33 %; retorno p05 -42.84 %
meseta: 14 variantes, pasan 14 %; con Sharpe >= 0.5 x base: 50 %
gate 1: no aprobado (8 criterios fallan)
  FALLA Sharpe OOS                      -0.72                     umbral >= 0.8 y >= B&H BTC (0.76)
  FALLA Profit factor OOS               0.82                      umbral >= 1.3
  FALLA Max DD OOS                      30.92 %                   umbral <= 25 % y <= 50 % del DD B&H (77.27 %)
  OK    Universo activo en OOS          8/8                       umbral todos los pares con datos en todas las ventanas
  FALLA Ventanas OOS positivas          1/8 (12 %)                umbral >= 60 %
  OK    Trades muestra completa         1104                      umbral >= 100
  OK    Trades curva OOS                746                       umbral >= 40
  OK    Régimen: retorno 2020           +21.57 %                  umbral > 0
  OK    Régimen: retorno 2021           +14.56 %                  umbral > 0
  FALLA Régimen: retorno 2023           -11.13 %                  umbral > 0
  FALLA Régimen: retorno 2024           -9.10 %                   umbral > 0
  OK    Régimen: retorno 2022           +0.00 %                   umbral >= -8 %
  OK    Régimen: max DD intra-año       15.29 % (2024)            umbral <= 25 %
  FALLA Meseta ±20 %                    14.29 %                   umbral >= 80 % de variantes con PF > 1.1 y retorno > 0
  FALLA Monte Carlo DD p95              54.81 %                   umbral <= 35 %
  n/a   Holdout                         -                         umbral PF > 1.1 y DD <= 25 %
duracion 142 s
registrado: WF-0032-supertrend-1h-b-5bps-walkforward -> /Users/joaquinmarcoff/Desktop/Projects/trading-bot-project/trading-bot/experiments/runs/WF-0032-supertrend-1h-b-5bps-walkforward
