ventana 1/8: OOS 2021-08-01 -> 2022-02-01: retorno +1.62 %, 17 trades
ventana 2/8: OOS 2022-02-01 -> 2022-08-01: retorno +0.00 %, 0 trades
ventana 3/8: OOS 2022-08-01 -> 2023-02-01: retorno -0.65 %, 4 trades
ventana 4/8: OOS 2023-02-01 -> 2023-08-01: retorno -0.29 %, 34 trades
ventana 5/8: OOS 2023-08-01 -> 2024-02-01: retorno +2.69 %, 22 trades
ventana 6/8: OOS 2024-02-01 -> 2024-08-01: retorno +0.25 %, 23 trades
ventana 7/8: OOS 2024-08-01 -> 2025-02-01: retorno +0.91 %, 17 trades
ventana 8/8: OOS 2025-02-01 -> 2025-08-01: retorno +1.27 %, 20 trades
muestra completa 2019-08-01 -> 2025-08-01 con parámetros fijos
meseta 1/14: {'atr_period': 8}
meseta 2/14: {'atr_period': 12}
meseta 3/14: {'multiplier': 2.4}
meseta 4/14: {'multiplier': 3.6}
meseta 5/14: {'stop_atr_mult': 2.4}
meseta 6/14: {'stop_atr_mult': 3.6}
meseta 7/14: {'atr_period': 8, 'multiplier': 2.4, 'stop_atr_mult': 2.4}
meseta 8/14: {'atr_period': 8, 'multiplier': 2.4, 'stop_atr_mult': 3.6}
meseta 9/14: {'atr_period': 8, 'multiplier': 3.6, 'stop_atr_mult': 2.4}
meseta 10/14: {'atr_period': 8, 'multiplier': 3.6, 'stop_atr_mult': 3.6}
meseta 11/14: {'atr_period': 12, 'multiplier': 2.4, 'stop_atr_mult': 2.4}
meseta 12/14: {'atr_period': 12, 'multiplier': 2.4, 'stop_atr_mult': 3.6}
meseta 13/14: {'atr_period': 12, 'multiplier': 3.6, 'stop_atr_mult': 2.4}
meseta 14/14: {'atr_period': 12, 'multiplier': 3.6, 'stop_atr_mult': 3.6}
#  IS                       OOS                         retorno  sharpe   max dd trades  params
1  2019-08-01 -> 2021-08-01 2021-08-01 -> 2022-02-01     +1.62 %    1.42    1.27 %     17  base
2  2020-02-01 -> 2022-02-01 2022-02-01 -> 2022-08-01     +0.00 %       -   -0.00 %      0  base
3  2020-08-01 -> 2022-08-01 2022-08-01 -> 2023-02-01     -0.65 %   -1.85    1.00 %      4  base
4  2021-02-01 -> 2023-02-01 2023-02-01 -> 2023-08-01     -0.29 %   -0.20    1.99 %     34  base
5  2021-08-01 -> 2023-08-01 2023-08-01 -> 2024-02-01     +2.69 %    1.61    2.19 %     22  base
6  2022-02-01 -> 2024-02-01 2024-02-01 -> 2024-08-01     +0.25 %    0.21    1.90 %     23  base
7  2022-08-01 -> 2024-08-01 2024-08-01 -> 2025-02-01     +0.91 %    0.85    1.18 %     17  base
8  2023-02-01 -> 2025-02-01 2025-02-01 -> 2025-08-01     +1.27 %    0.88    2.10 %     20  base
metrica              OOS concatenado           B&H BTC (OOS)  B&H BTC filtrado (OOS)     Equiponderado (OOS)        muestra completa
retorno                      +5.91 %               +174.73 %               +203.24 %               +173.86 %                 +5.62 %
cagr                         +1.45 %                +28.74 %                +31.96 %                +28.64 %                 +0.92 %
sharpe                          0.61                    0.76                    1.04                    0.72                    0.38
max dd                       +2.78 %                +77.14 %                +27.48 %                +81.55 %                 +2.78 %
pf                              1.44                       -                       -                       -                    1.27
trades                           137                       0                       0                       0                     213
exposicion                  +23.89 %               +100.00 %               +100.00 %               +100.00 %                +23.92 %
monte carlo (5000 corridas, 137 trades): max DD p50 2.26 %, p95 4.38 %, p99 5.86 %; retorno p05 -0.56 %
bootstrap por bloques (1460 retornos diarios, informativo): max DD p50 3.39 %, p95 6.24 %; retorno p05 -1.92 %
meseta: 14 variantes, pasan 100 %; con Sharpe >= 0.5 x base: 93 %
gate 1: no aprobado (1 criterios fallan)
  FALLA Sharpe OOS                      0.61                      umbral >= 0.8 y >= B&H BTC (0.76)
  OK    Profit factor OOS               1.44                      umbral >= 1.3
  OK    Max DD OOS                      2.78 %                    umbral <= 25 % y <= 50 % del DD B&H (77.14 %)
  OK    Universo activo en OOS          8/8                       umbral todos los pares con datos en todas las ventanas
  OK    Ventanas OOS positivas          5/8 (62 %)                umbral >= 60 %
  OK    Trades muestra completa         213                       umbral >= 100
  OK    Trades curva OOS                137                       umbral >= 40
  OK    Régimen: retorno 2020           +1.16 %                   umbral > 0
  OK    Régimen: retorno 2021           +1.01 %                   umbral > 0
  OK    Régimen: retorno 2023           +2.60 %                   umbral > 0
  OK    Régimen: retorno 2024           +0.61 %                   umbral > 0
  OK    Régimen: retorno 2022           +0.00 %                   umbral >= -8 %
  OK    Régimen: max DD intra-año       2.78 % (2024)             umbral <= 25 %
  OK    Meseta ±20 %                    100.00 %                  umbral >= 80 % de variantes con PF > 1.1 y retorno > 0
  OK    Monte Carlo DD p95              4.38 %                    umbral <= 35 %
  n/a   Holdout                         -                         umbral PF > 1.1 y DD <= 25 %
duracion 29 s
registrado: WF-0024-supertrend-4h-a-10bps-walkforward -> /Users/joaquinmarcoff/Desktop/Projects/trading-bot-project/trading-bot/experiments/runs/WF-0024-supertrend-4h-a-10bps-walkforward
