ventana 1/8: OOS 2021-08-01 -> 2022-02-01: retorno +3.31 %, 23 trades
ventana 2/8: OOS 2022-02-01 -> 2022-08-01: retorno +0.00 %, 0 trades
ventana 3/8: OOS 2022-08-01 -> 2023-02-01: retorno -1.61 %, 5 trades
ventana 4/8: OOS 2023-02-01 -> 2023-08-01: retorno -4.16 %, 47 trades
ventana 5/8: OOS 2023-08-01 -> 2024-02-01: retorno +5.88 %, 31 trades
ventana 6/8: OOS 2024-02-01 -> 2024-08-01: retorno -0.62 %, 31 trades
ventana 7/8: OOS 2024-08-01 -> 2025-02-01: retorno +1.47 %, 23 trades
ventana 8/8: OOS 2025-02-01 -> 2025-08-01: retorno +1.60 %, 27 trades
muestra completa 2019-08-01 -> 2025-08-01 con parámetros fijos
meseta 1/14: {'atr_period': 8}
meseta 2/14: {'atr_period': 12}
meseta 3/14: {'multiplier': 2.4}
meseta 4/14: {'multiplier': 3.6}
meseta 5/14: {'stop_atr_mult': 2.4}
meseta 6/14: {'stop_atr_mult': 3.6}
meseta 7/14: {'atr_period': 8, 'multiplier': 2.4, 'stop_atr_mult': 2.4}
meseta 8/14: {'atr_period': 8, 'multiplier': 2.4, 'stop_atr_mult': 3.6}
meseta 9/14: {'atr_period': 8, 'multiplier': 3.6, 'stop_atr_mult': 2.4}
meseta 10/14: {'atr_period': 8, 'multiplier': 3.6, 'stop_atr_mult': 3.6}
meseta 11/14: {'atr_period': 12, 'multiplier': 2.4, 'stop_atr_mult': 2.4}
meseta 12/14: {'atr_period': 12, 'multiplier': 2.4, 'stop_atr_mult': 3.6}
meseta 13/14: {'atr_period': 12, 'multiplier': 3.6, 'stop_atr_mult': 2.4}
meseta 14/14: {'atr_period': 12, 'multiplier': 3.6, 'stop_atr_mult': 3.6}
#  IS                       OOS                         retorno  sharpe   max dd trades  params
1  2019-08-01 -> 2021-08-01 2021-08-01 -> 2022-02-01     +3.31 %    1.29    3.06 %     23  base
2  2020-02-01 -> 2022-02-01 2022-02-01 -> 2022-08-01     +0.00 %       -   -0.00 %      0  base
3  2020-08-01 -> 2022-08-01 2022-08-01 -> 2023-02-01     -1.61 %   -1.85    2.52 %      5  base
4  2021-02-01 -> 2023-02-01 2023-02-01 -> 2023-08-01     -4.16 %   -1.12    6.60 %     47  base
5  2021-08-01 -> 2023-08-01 2023-08-01 -> 2024-02-01     +5.88 %    1.43    5.36 %     31  base
6  2022-02-01 -> 2024-02-01 2024-02-01 -> 2024-08-01     -0.62 %   -0.19    5.01 %     31  base
7  2022-08-01 -> 2024-08-01 2024-08-01 -> 2025-02-01     +1.47 %    0.56    3.03 %     23  base
8  2023-02-01 -> 2025-02-01 2025-02-01 -> 2025-08-01     +1.60 %    0.50    6.14 %     27  base
metrica              OOS concatenado           B&H BTC (OOS)  B&H BTC filtrado (OOS)     Equiponderado (OOS)        muestra completa
retorno                      +5.68 %               +175.83 %               +214.53 %               +174.95 %                +13.10 %
cagr                         +1.39 %                +28.87 %                +33.17 %                +28.77 %                 +2.07 %
sharpe                          0.27                    0.76                    1.07                    0.72                    0.37
max dd                       +7.37 %                +77.11 %                +26.93 %                +81.53 %                 +7.37 %
pf                              1.16                       -                       -                       -                    1.22
trades                           187                       0                       0                       0                     281
exposicion                  +24.88 %               +100.00 %               +100.00 %               +100.00 %                +24.92 %
monte carlo (5000 corridas, 187 trades): max DD p50 6.93 %, p95 14.08 %, p99 17.91 %; retorno p05 -8.70 %
bootstrap por bloques (1460 retornos diarios, informativo): max DD p50 10.27 %, p95 18.94 %; retorno p05 -12.75 %
meseta: 14 variantes, pasan 100 %; con Sharpe >= 0.5 x base: 100 %
gate 1: no aprobado (4 criterios fallan)
  FALLA Sharpe OOS                      0.27                      umbral >= 0.8 y >= B&H BTC (0.76)
  FALLA Profit factor OOS               1.16                      umbral >= 1.3
  OK    Max DD OOS                      7.37 %                    umbral <= 25 % y <= 50 % del DD B&H (77.11 %)
  OK    Universo activo en OOS          8/8                       umbral todos los pares con datos en todas las ventanas
  FALLA Ventanas OOS positivas          4/8 (50 %)                umbral >= 60 %
  OK    Trades muestra completa         281                       umbral >= 100
  OK    Trades curva OOS                187                       umbral >= 40
  OK    Régimen: retorno 2020           +4.16 %                   umbral > 0
  OK    Régimen: retorno 2021           +7.98 %                   umbral > 0
  OK    Régimen: retorno 2023           +2.58 %                   umbral > 0
  FALLA Régimen: retorno 2024           -1.14 %                   umbral > 0
  OK    Régimen: retorno 2022           +0.00 %                   umbral >= -8 %
  OK    Régimen: max DD intra-año       7.20 % (2023)             umbral <= 25 %
  OK    Meseta ±20 %                    100.00 %                  umbral >= 80 % de variantes con PF > 1.1 y retorno > 0
  OK    Monte Carlo DD p95              14.08 %                   umbral <= 35 %
  n/a   Holdout                         -                         umbral PF > 1.1 y DD <= 25 %
duracion 29 s
registrado: WF-0026-supertrend-4h-b-5bps-walkforward -> /Users/joaquinmarcoff/Desktop/Projects/trading-bot-project/trading-bot/experiments/runs/WF-0026-supertrend-4h-b-5bps-walkforward
