ventana 1/8: OOS 2021-08-01 -> 2022-02-01: retorno +3.17 %, 23 trades
ventana 2/8: OOS 2022-02-01 -> 2022-08-01: retorno +0.00 %, 0 trades
ventana 3/8: OOS 2022-08-01 -> 2023-02-01: retorno -1.64 %, 5 trades
ventana 4/8: OOS 2023-02-01 -> 2023-08-01: retorno -4.52 %, 47 trades
ventana 5/8: OOS 2023-08-01 -> 2024-02-01: retorno +5.59 %, 31 trades
ventana 6/8: OOS 2024-02-01 -> 2024-08-01: retorno -0.88 %, 31 trades
ventana 7/8: OOS 2024-08-01 -> 2025-02-01: retorno +1.29 %, 23 trades
ventana 8/8: OOS 2025-02-01 -> 2025-08-01: retorno +1.32 %, 27 trades
muestra completa 2019-08-01 -> 2025-08-01 con parámetros fijos
meseta 1/14: {'atr_period': 8}
meseta 2/14: {'atr_period': 12}
meseta 3/14: {'multiplier': 2.4}
meseta 4/14: {'multiplier': 3.6}
meseta 5/14: {'stop_atr_mult': 2.4}
meseta 6/14: {'stop_atr_mult': 3.6}
meseta 7/14: {'atr_period': 8, 'multiplier': 2.4, 'stop_atr_mult': 2.4}
meseta 8/14: {'atr_period': 8, 'multiplier': 2.4, 'stop_atr_mult': 3.6}
meseta 9/14: {'atr_period': 8, 'multiplier': 3.6, 'stop_atr_mult': 2.4}
meseta 10/14: {'atr_period': 8, 'multiplier': 3.6, 'stop_atr_mult': 3.6}
meseta 11/14: {'atr_period': 12, 'multiplier': 2.4, 'stop_atr_mult': 2.4}
meseta 12/14: {'atr_period': 12, 'multiplier': 2.4, 'stop_atr_mult': 3.6}
meseta 13/14: {'atr_period': 12, 'multiplier': 3.6, 'stop_atr_mult': 2.4}
meseta 14/14: {'atr_period': 12, 'multiplier': 3.6, 'stop_atr_mult': 3.6}
#  IS                       OOS                         retorno  sharpe   max dd trades  params
1  2019-08-01 -> 2021-08-01 2021-08-01 -> 2022-02-01     +3.17 %    1.24    3.10 %     23  base
2  2020-02-01 -> 2022-02-01 2022-02-01 -> 2022-08-01     +0.00 %       -   -0.00 %      0  base
3  2020-08-01 -> 2022-08-01 2022-08-01 -> 2023-02-01     -1.64 %   -1.87    2.54 %      5  base
4  2021-02-01 -> 2023-02-01 2023-02-01 -> 2023-08-01     -4.52 %   -1.22    6.79 %     47  base
5  2021-08-01 -> 2023-08-01 2023-08-01 -> 2024-02-01     +5.59 %    1.36    5.44 %     31  base
6  2022-02-01 -> 2024-02-01 2024-02-01 -> 2024-08-01     -0.88 %   -0.28    5.18 %     31  base
7  2022-08-01 -> 2024-08-01 2024-08-01 -> 2025-02-01     +1.29 %    0.49    3.10 %     23  base
8  2023-02-01 -> 2025-02-01 2025-02-01 -> 2025-08-01     +1.32 %    0.41    6.30 %     27  base
metrica              OOS concatenado           B&H BTC (OOS)  B&H BTC filtrado (OOS)     Equiponderado (OOS)        muestra completa
retorno                      +4.07 %               +174.73 %               +203.24 %               +173.86 %                +10.76 %
cagr                         +1.00 %                +28.74 %                +31.96 %                +28.64 %                 +1.72 %
sharpe                          0.20                    0.76                    1.04                    0.72                    0.31
max dd                       +7.78 %                +77.14 %                +27.48 %                +81.55 %                 +7.78 %
pf                              1.12                       -                       -                       -                    1.18
trades                           187                       0                       0                       0                     281
exposicion                  +24.88 %               +100.00 %               +100.00 %               +100.00 %                +24.92 %
monte carlo (5000 corridas, 187 trades): max DD p50 7.41 %, p95 15.03 %, p99 18.91 %; retorno p05 -10.18 %
bootstrap por bloques (1460 retornos diarios, informativo): max DD p50 10.80 %, p95 19.87 %; retorno p05 -14.08 %
meseta: 14 variantes, pasan 100 %; con Sharpe >= 0.5 x base: 100 %
gate 1: no aprobado (4 criterios fallan)
  FALLA Sharpe OOS                      0.20                      umbral >= 0.8 y >= B&H BTC (0.76)
  FALLA Profit factor OOS               1.12                      umbral >= 1.3
  OK    Max DD OOS                      7.78 %                    umbral <= 25 % y <= 50 % del DD B&H (77.14 %)
  OK    Universo activo en OOS          8/8                       umbral todos los pares con datos en todas las ventanas
  FALLA Ventanas OOS positivas          4/8 (50 %)                umbral >= 60 %
  OK    Trades muestra completa         281                       umbral >= 100
  OK    Trades curva OOS                187                       umbral >= 40
  OK    Régimen: retorno 2020           +3.76 %                   umbral > 0
  OK    Régimen: retorno 2021           +7.68 %                   umbral > 0
  OK    Régimen: retorno 2023           +1.93 %                   umbral > 0
  FALLA Régimen: retorno 2024           -1.59 %                   umbral > 0
  OK    Régimen: retorno 2022           +0.00 %                   umbral >= -8 %
  OK    Régimen: max DD intra-año       7.59 % (2023)             umbral <= 25 %
  OK    Meseta ±20 %                    100.00 %                  umbral >= 80 % de variantes con PF > 1.1 y retorno > 0
  OK    Monte Carlo DD p95              15.03 %                   umbral <= 35 %
  n/a   Holdout                         -                         umbral PF > 1.1 y DD <= 25 %
duracion 30 s
registrado: WF-0027-supertrend-4h-b-10bps-walkforward -> /Users/joaquinmarcoff/Desktop/Projects/trading-bot-project/trading-bot/experiments/runs/WF-0027-supertrend-4h-b-10bps-walkforward
