ventana 1/8: OOS 2021-08-01 -> 2022-02-01: retorno -6.75 %, 88 trades
ventana 2/8: OOS 2022-02-01 -> 2022-08-01: retorno +0.00 %, 0 trades
ventana 3/8: OOS 2022-08-01 -> 2023-02-01: retorno -4.57 %, 22 trades
ventana 4/8: OOS 2023-02-01 -> 2023-08-01: retorno -13.46 %, 149 trades
ventana 5/8: OOS 2023-08-01 -> 2024-02-01: retorno -5.69 %, 107 trades
ventana 6/8: OOS 2024-02-01 -> 2024-08-01: retorno -3.66 %, 134 trades
ventana 7/8: OOS 2024-08-01 -> 2025-02-01: retorno -17.30 %, 122 trades
ventana 8/8: OOS 2025-02-01 -> 2025-08-01: retorno -7.82 %, 136 trades
muestra completa 2019-08-01 -> 2025-08-01 con parámetros fijos
meseta 1/14: {'atr_period': 8}
meseta 2/14: {'atr_period': 12}
meseta 3/14: {'multiplier': 2.4}
meseta 4/14: {'multiplier': 3.6}
meseta 5/14: {'stop_atr_mult': 2.4}
meseta 6/14: {'stop_atr_mult': 3.6}
meseta 7/14: {'atr_period': 8, 'multiplier': 2.4, 'stop_atr_mult': 2.4}
meseta 8/14: {'atr_period': 8, 'multiplier': 2.4, 'stop_atr_mult': 3.6}
meseta 9/14: {'atr_period': 8, 'multiplier': 3.6, 'stop_atr_mult': 2.4}
meseta 10/14: {'atr_period': 8, 'multiplier': 3.6, 'stop_atr_mult': 3.6}
meseta 11/14: {'atr_period': 12, 'multiplier': 2.4, 'stop_atr_mult': 2.4}
meseta 12/14: {'atr_period': 12, 'multiplier': 2.4, 'stop_atr_mult': 3.6}
meseta 13/14: {'atr_period': 12, 'multiplier': 3.6, 'stop_atr_mult': 2.4}
meseta 14/14: {'atr_period': 12, 'multiplier': 3.6, 'stop_atr_mult': 3.6}
#  IS                       OOS                         retorno  sharpe   max dd trades  params
1  2019-08-01 -> 2021-08-01 2021-08-01 -> 2022-02-01     -6.75 %   -1.21    9.04 %     88  base
2  2020-02-01 -> 2022-02-01 2022-02-01 -> 2022-08-01     +0.00 %       -   -0.00 %      0  base
3  2020-08-01 -> 2022-08-01 2022-08-01 -> 2023-02-01     -4.57 %   -1.50    5.26 %     22  base
4  2021-02-01 -> 2023-02-01 2023-02-01 -> 2023-08-01    -13.46 %   -2.14   17.94 %    149  base
5  2021-08-01 -> 2023-08-01 2023-08-01 -> 2024-02-01     -5.69 %   -1.03   10.98 %    107  base
6  2022-02-01 -> 2024-02-01 2024-02-01 -> 2024-08-01     -3.66 %   -0.56   11.39 %    134  base
7  2022-08-01 -> 2024-08-01 2024-08-01 -> 2025-02-01    -17.30 %   -3.54   17.85 %    122  base
8  2023-02-01 -> 2025-02-01 2025-02-01 -> 2025-08-01     -7.82 %   -1.32   14.32 %    136  base
metrica              OOS concatenado           B&H BTC (OOS)  B&H BTC filtrado (OOS)     Equiponderado (OOS)        muestra completa
retorno                     -46.65 %               +172.55 %               +178.66 %               +171.69 %                -30.82 %
cagr                        -14.54 %                +28.49 %                +29.20 %                +28.39 %                 -5.96 %
sharpe                         -1.46                    0.75                    0.97                    0.72                   -0.44
max dd                      +49.28 %                +77.34 %                +29.70 %                +81.69 %                +47.69 %
pf                              0.67                       -                       -                       -                    0.88
trades                           758                       0                       0                       0                    1046
exposicion                  +23.84 %               +100.00 %               +100.00 %               +100.00 %                +23.79 %
monte carlo (5000 corridas, 758 trades): max DD p50 60.52 %, p95 83.07 %, p99 92.87 %; retorno p05 -81.87 %
bootstrap por bloques (1460 retornos diarios, informativo): max DD p50 47.82 %, p95 61.14 %; retorno p05 -59.62 %
meseta: 14 variantes, pasan 0 %
gate 1: no aprobado (8 criterios fallan)
  FALLA Sharpe OOS                      -1.46                     umbral >= 0.8 y >= B&H BTC (0.75)
  FALLA Profit factor OOS               0.67                      umbral >= 1.3
  FALLA Max DD OOS                      49.28 %                   umbral <= 25 % y <= 50 % del DD B&H (77.34 %)
  OK    Universo activo en OOS          8/8                       umbral todos los pares con datos en todas las ventanas
  FALLA Ventanas OOS positivas          0/8 (0 %)                 umbral >= 60 %
  OK    Trades muestra completa         1046                      umbral >= 100
  OK    Trades curva OOS                758                       umbral >= 40
  OK    Régimen: retorno 2020           +10.50 %                  umbral > 0
  OK    Régimen: retorno 2021           +5.26 %                   umbral > 0
  FALLA Régimen: retorno 2023           -17.39 %                  umbral > 0
  FALLA Régimen: retorno 2024           -17.58 %                  umbral > 0
  OK    Régimen: retorno 2022           +0.00 %                   umbral >= -8 %
  OK    Régimen: max DD intra-año       21.85 % (2024)            umbral <= 25 %
  FALLA Meseta ±20 %                    0.00 %                    umbral >= 80 % de variantes con PF > 1.1 y retorno > 0
  FALLA Monte Carlo DD p95              83.07 %                   umbral <= 35 %
  n/a   Holdout                         -                         umbral PF > 1.1 y DD <= 25 %
duracion 124 s
registrado: WF-0034-supertrend-1h-b-20bps-walkforward -> /Users/joaquinmarcoff/Desktop/Projects/trading-bot-project/trading-bot/experiments/runs/WF-0034-supertrend-1h-b-20bps-walkforward
