ventana 1/8: OOS 2021-08-01 -> 2022-02-01: retorno +1.52 %, 17 trades
ventana 2/8: OOS 2022-02-01 -> 2022-08-01: retorno +0.00 %, 0 trades
ventana 3/8: OOS 2022-08-01 -> 2023-02-01: retorno -0.67 %, 4 trades
ventana 4/8: OOS 2023-02-01 -> 2023-08-01: retorno -0.56 %, 34 trades
ventana 5/8: OOS 2023-08-01 -> 2024-02-01: retorno +2.49 %, 22 trades
ventana 6/8: OOS 2024-02-01 -> 2024-08-01: retorno +0.05 %, 23 trades
ventana 7/8: OOS 2024-08-01 -> 2025-02-01: retorno +0.77 %, 17 trades
ventana 8/8: OOS 2025-02-01 -> 2025-08-01: retorno +1.06 %, 20 trades
muestra completa 2019-08-01 -> 2025-08-01 con parámetros fijos
meseta 1/14: {'atr_period': 8}
meseta 2/14: {'atr_period': 12}
meseta 3/14: {'multiplier': 2.4}
meseta 4/14: {'multiplier': 3.6}
meseta 5/14: {'stop_atr_mult': 2.4}
meseta 6/14: {'stop_atr_mult': 3.6}
meseta 7/14: {'atr_period': 8, 'multiplier': 2.4, 'stop_atr_mult': 2.4}
meseta 8/14: {'atr_period': 8, 'multiplier': 2.4, 'stop_atr_mult': 3.6}
meseta 9/14: {'atr_period': 8, 'multiplier': 3.6, 'stop_atr_mult': 2.4}
meseta 10/14: {'atr_period': 8, 'multiplier': 3.6, 'stop_atr_mult': 3.6}
meseta 11/14: {'atr_period': 12, 'multiplier': 2.4, 'stop_atr_mult': 2.4}
meseta 12/14: {'atr_period': 12, 'multiplier': 2.4, 'stop_atr_mult': 3.6}
meseta 13/14: {'atr_period': 12, 'multiplier': 3.6, 'stop_atr_mult': 2.4}
meseta 14/14: {'atr_period': 12, 'multiplier': 3.6, 'stop_atr_mult': 3.6}
#  IS                       OOS                         retorno  sharpe   max dd trades  params
1  2019-08-01 -> 2021-08-01 2021-08-01 -> 2022-02-01     +1.52 %    1.33    1.32 %     17  base
2  2020-02-01 -> 2022-02-01 2022-02-01 -> 2022-08-01     +0.00 %       -   -0.00 %      0  base
3  2020-08-01 -> 2022-08-01 2022-08-01 -> 2023-02-01     -0.67 %   -1.91    1.02 %      4  base
4  2021-02-01 -> 2023-02-01 2023-02-01 -> 2023-08-01     -0.56 %   -0.38    2.11 %     34  base
5  2021-08-01 -> 2023-08-01 2023-08-01 -> 2024-02-01     +2.49 %    1.48    2.26 %     22  base
6  2022-02-01 -> 2024-02-01 2024-02-01 -> 2024-08-01     +0.05 %    0.05    2.03 %     23  base
7  2022-08-01 -> 2024-08-01 2024-08-01 -> 2025-02-01     +0.77 %    0.71    1.23 %     17  base
8  2023-02-01 -> 2025-02-01 2025-02-01 -> 2025-08-01     +1.06 %    0.73    2.22 %     20  base
metrica              OOS concatenado           B&H BTC (OOS)  B&H BTC filtrado (OOS)     Equiponderado (OOS)        muestra completa
retorno                      +4.70 %               +172.55 %               +181.86 %               +171.69 %                 +3.91 %
cagr                         +1.16 %                +28.49 %                +29.57 %                +28.39 %                 +0.64 %
sharpe                          0.48                    0.75                    0.98                    0.72                    0.27
max dd                       +2.97 %                +77.18 %                +28.57 %                +81.59 %                 +2.97 %
pf                              1.34                       -                       -                       -                    1.19
trades                           137                       0                       0                       0                     213
exposicion                  +23.88 %               +100.00 %               +100.00 %               +100.00 %                +23.91 %
monte carlo (5000 corridas, 137 trades): max DD p50 2.52 %, p95 4.91 %, p99 6.48 %; retorno p05 -1.66 %
bootstrap por bloques (1460 retornos diarios, informativo): max DD p50 3.67 %, p95 6.85 %; retorno p05 -3.15 %
meseta: 14 variantes, pasan 71 %; con Sharpe >= 0.5 x base: 79 %
gate 1: no aprobado (2 criterios fallan)
  FALLA Sharpe OOS                      0.48                      umbral >= 0.8 y >= B&H BTC (0.75)
  OK    Profit factor OOS               1.34                      umbral >= 1.3
  OK    Max DD OOS                      2.97 %                    umbral <= 25 % y <= 50 % del DD B&H (77.18 %)
  OK    Universo activo en OOS          8/8                       umbral todos los pares con datos en todas las ventanas
  OK    Ventanas OOS positivas          5/8 (62 %)                umbral >= 60 %
  OK    Trades muestra completa         213                       umbral >= 100
  OK    Trades curva OOS                137                       umbral >= 40
  OK    Régimen: retorno 2020           +0.83 %                   umbral > 0
  OK    Régimen: retorno 2021           +0.79 %                   umbral > 0
  OK    Régimen: retorno 2023           +2.13 %                   umbral > 0
  OK    Régimen: retorno 2024           +0.25 %                   umbral > 0
  OK    Régimen: retorno 2022           +0.00 %                   umbral >= -8 %
  OK    Régimen: max DD intra-año       2.97 % (2024)             umbral <= 25 %
  FALLA Meseta ±20 %                    71.43 %                   umbral >= 80 % de variantes con PF > 1.1 y retorno > 0
  OK    Monte Carlo DD p95              4.91 %                    umbral <= 35 %
  n/a   Holdout                         -                         umbral PF > 1.1 y DD <= 25 %
duracion 29 s
registrado: WF-0025-supertrend-4h-a-20bps-walkforward -> /Users/joaquinmarcoff/Desktop/Projects/trading-bot-project/trading-bot/experiments/runs/WF-0025-supertrend-4h-a-20bps-walkforward
