ventana 1/8: OOS 2021-08-01 -> 2022-02-01: retorno -0.43 %, 64 trades
ventana 2/8: OOS 2022-02-01 -> 2022-08-01: retorno +0.00 %, 0 trades
ventana 3/8: OOS 2022-08-01 -> 2023-02-01: retorno -0.83 %, 15 trades
ventana 4/8: OOS 2023-02-01 -> 2023-08-01: retorno -3.43 %, 108 trades
ventana 5/8: OOS 2023-08-01 -> 2024-02-01: retorno -1.03 %, 81 trades
ventana 6/8: OOS 2024-02-01 -> 2024-08-01: retorno +2.29 %, 99 trades
ventana 7/8: OOS 2024-08-01 -> 2025-02-01: retorno -5.88 %, 89 trades
ventana 8/8: OOS 2025-02-01 -> 2025-08-01: retorno -1.67 %, 99 trades
muestra completa 2019-08-01 -> 2025-08-01 con parámetros fijos
meseta 1/14: {'atr_period': 8}
meseta 2/14: {'atr_period': 12}
meseta 3/14: {'multiplier': 2.4}
meseta 4/14: {'multiplier': 3.6}
meseta 5/14: {'stop_atr_mult': 2.4}
meseta 6/14: {'stop_atr_mult': 3.6}
meseta 7/14: {'atr_period': 8, 'multiplier': 2.4, 'stop_atr_mult': 2.4}
meseta 8/14: {'atr_period': 8, 'multiplier': 2.4, 'stop_atr_mult': 3.6}
meseta 9/14: {'atr_period': 8, 'multiplier': 3.6, 'stop_atr_mult': 2.4}
meseta 10/14: {'atr_period': 8, 'multiplier': 3.6, 'stop_atr_mult': 3.6}
meseta 11/14: {'atr_period': 12, 'multiplier': 2.4, 'stop_atr_mult': 2.4}
meseta 12/14: {'atr_period': 12, 'multiplier': 2.4, 'stop_atr_mult': 3.6}
meseta 13/14: {'atr_period': 12, 'multiplier': 3.6, 'stop_atr_mult': 2.4}
meseta 14/14: {'atr_period': 12, 'multiplier': 3.6, 'stop_atr_mult': 3.6}
#  IS                       OOS                         retorno  sharpe   max dd trades  params
1  2019-08-01 -> 2021-08-01 2021-08-01 -> 2022-02-01     -0.43 %   -0.17    2.94 %     64  base
2  2020-02-01 -> 2022-02-01 2022-02-01 -> 2022-08-01     +0.00 %       -   -0.00 %      0  base
3  2020-08-01 -> 2022-08-01 2022-08-01 -> 2023-02-01     -0.83 %   -0.64    1.75 %     15  base
4  2021-02-01 -> 2023-02-01 2023-02-01 -> 2023-08-01     -3.43 %   -1.24    4.78 %    108  base
5  2021-08-01 -> 2023-08-01 2023-08-01 -> 2024-02-01     -1.03 %   -0.43    3.77 %     81  base
6  2022-02-01 -> 2024-02-01 2024-02-01 -> 2024-08-01     +2.29 %    0.78    3.70 %     99  base
7  2022-08-01 -> 2024-08-01 2024-08-01 -> 2025-02-01     -5.88 %   -2.94    5.99 %     89  base
8  2023-02-01 -> 2025-02-01 2025-02-01 -> 2025-08-01     -1.67 %   -0.64    5.49 %     99  base
metrica              OOS concatenado           B&H BTC (OOS)  B&H BTC filtrado (OOS)     Equiponderado (OOS)        muestra completa
retorno                     -10.67 %               +174.73 %               +199.75 %               +173.86 %                 +6.53 %
cagr                         -2.78 %                +28.74 %                +31.58 %                +28.64 %                 +1.06 %
sharpe                         -0.60                    0.76                    1.03                    0.72                    0.22
max dd                      +13.30 %                +77.29 %                +28.64 %                +81.65 %                +13.34 %
pf                              0.85                       -                       -                       -                    1.07
trades                           555                       0                       0                       0                     847
exposicion                  +22.85 %               +100.00 %               +100.00 %               +100.00 %                +24.86 %
monte carlo (5000 corridas, 555 trades): max DD p50 14.48 %, p95 25.22 %, p99 29.94 %; retorno p05 -23.66 %
bootstrap por bloques (1460 retornos diarios, informativo): max DD p50 13.88 %, p95 22.47 %; retorno p05 -20.65 %
meseta: 14 variantes, pasan 21 %; con Sharpe >= 0.5 x base: 36 %
gate 1: no aprobado (6 criterios fallan)
  FALLA Sharpe OOS                      -0.60                     umbral >= 0.8 y >= B&H BTC (0.76)
  FALLA Profit factor OOS               0.85                      umbral >= 1.3
  OK    Max DD OOS                      13.30 %                   umbral <= 25 % y <= 50 % del DD B&H (77.29 %)
  OK    Universo activo en OOS          8/8                       umbral todos los pares con datos en todas las ventanas
  FALLA Ventanas OOS positivas          1/8 (12 %)                umbral >= 60 %
  OK    Trades muestra completa         847                       umbral >= 100
  OK    Trades curva OOS                555                       umbral >= 40
  OK    Régimen: retorno 2020           +11.31 %                  umbral > 0
  OK    Régimen: retorno 2021           +6.81 %                   umbral > 0
  FALLA Régimen: retorno 2023           -4.38 %                   umbral > 0
  FALLA Régimen: retorno 2024           -2.29 %                   umbral > 0
  OK    Régimen: retorno 2022           +0.00 %                   umbral >= -8 %
  OK    Régimen: max DD intra-año       6.96 % (2024)             umbral <= 25 %
  FALLA Meseta ±20 %                    21.43 %                   umbral >= 80 % de variantes con PF > 1.1 y retorno > 0
  OK    Monte Carlo DD p95              25.22 %                   umbral <= 35 %
  n/a   Holdout                         -                         umbral PF > 1.1 y DD <= 25 %
duracion 124 s
registrado: WF-0030-supertrend-1h-a-10bps-walkforward -> /Users/joaquinmarcoff/Desktop/Projects/trading-bot-project/trading-bot/experiments/runs/WF-0030-supertrend-1h-a-10bps-walkforward
