ventana 1/8: OOS 2021-08-01 -> 2022-02-01: retorno +1.67 %, 17 trades
ventana 2/8: OOS 2022-02-01 -> 2022-08-01: retorno +0.00 %, 0 trades
ventana 3/8: OOS 2022-08-01 -> 2023-02-01: retorno -0.64 %, 4 trades
ventana 4/8: OOS 2023-02-01 -> 2023-08-01: retorno -0.15 %, 34 trades
ventana 5/8: OOS 2023-08-01 -> 2024-02-01: retorno +2.79 %, 22 trades
ventana 6/8: OOS 2024-02-01 -> 2024-08-01: retorno +0.35 %, 23 trades
ventana 7/8: OOS 2024-08-01 -> 2025-02-01: retorno +0.98 %, 17 trades
ventana 8/8: OOS 2025-02-01 -> 2025-08-01: retorno +1.38 %, 20 trades
muestra completa 2019-08-01 -> 2025-08-01 con parámetros fijos
meseta 1/14: {'atr_period': 8}
meseta 2/14: {'atr_period': 12}
meseta 3/14: {'multiplier': 2.4}
meseta 4/14: {'multiplier': 3.6}
meseta 5/14: {'stop_atr_mult': 2.4}
meseta 6/14: {'stop_atr_mult': 3.6}
meseta 7/14: {'atr_period': 8, 'multiplier': 2.4, 'stop_atr_mult': 2.4}
meseta 8/14: {'atr_period': 8, 'multiplier': 2.4, 'stop_atr_mult': 3.6}
meseta 9/14: {'atr_period': 8, 'multiplier': 3.6, 'stop_atr_mult': 2.4}
meseta 10/14: {'atr_period': 8, 'multiplier': 3.6, 'stop_atr_mult': 3.6}
meseta 11/14: {'atr_period': 12, 'multiplier': 2.4, 'stop_atr_mult': 2.4}
meseta 12/14: {'atr_period': 12, 'multiplier': 2.4, 'stop_atr_mult': 3.6}
meseta 13/14: {'atr_period': 12, 'multiplier': 3.6, 'stop_atr_mult': 2.4}
meseta 14/14: {'atr_period': 12, 'multiplier': 3.6, 'stop_atr_mult': 3.6}
#  IS                       OOS                         retorno  sharpe   max dd trades  params
1  2019-08-01 -> 2021-08-01 2021-08-01 -> 2022-02-01     +1.67 %    1.47    1.25 %     17  base
2  2020-02-01 -> 2022-02-01 2022-02-01 -> 2022-08-01     +0.00 %       -   -0.00 %      0  base
3  2020-08-01 -> 2022-08-01 2022-08-01 -> 2023-02-01     -0.64 %   -1.83    0.99 %      4  base
4  2021-02-01 -> 2023-02-01 2023-02-01 -> 2023-08-01     -0.15 %   -0.12    1.92 %     34  base
5  2021-08-01 -> 2023-08-01 2023-08-01 -> 2024-02-01     +2.79 %    1.67    2.16 %     22  base
6  2022-02-01 -> 2024-02-01 2024-02-01 -> 2024-08-01     +0.35 %    0.29    1.84 %     23  base
7  2022-08-01 -> 2024-08-01 2024-08-01 -> 2025-02-01     +0.98 %    0.91    1.15 %     17  base
8  2023-02-01 -> 2025-02-01 2025-02-01 -> 2025-08-01     +1.38 %    0.96    2.04 %     20  base
metrica              OOS concatenado           B&H BTC (OOS)  B&H BTC filtrado (OOS)     Equiponderado (OOS)        muestra completa
retorno                      +6.53 %               +175.83 %               +214.53 %               +174.95 %                 +6.47 %
cagr                         +1.59 %                +28.87 %                +33.17 %                +28.77 %                 +1.05 %
sharpe                          0.67                    0.76                    1.07                    0.72                    0.44
max dd                       +2.70 %                +77.11 %                +26.93 %                +81.53 %                 +2.70 %
pf                              1.50                       -                       -                       -                    1.32
trades                           137                       0                       0                       0                     213
exposicion                  +23.89 %               +100.00 %               +100.00 %               +100.00 %                +23.92 %
monte carlo (5000 corridas, 137 trades): max DD p50 2.15 %, p95 4.12 %, p99 5.52 %; retorno p05 +0.01 %
bootstrap por bloques (1460 retornos diarios, informativo): max DD p50 3.26 %, p95 5.97 %; retorno p05 -1.37 %
meseta: 14 variantes, pasan 100 %; con Sharpe >= 0.5 x base: 100 %
gate 1: no aprobado (1 criterios fallan)
  FALLA Sharpe OOS                      0.67                      umbral >= 0.8 y >= B&H BTC (0.76)
  OK    Profit factor OOS               1.50                      umbral >= 1.3
  OK    Max DD OOS                      2.70 %                    umbral <= 25 % y <= 50 % del DD B&H (77.11 %)
  OK    Universo activo en OOS          8/8                       umbral todos los pares con datos en todas las ventanas
  OK    Ventanas OOS positivas          5/8 (62 %)                umbral >= 60 %
  OK    Trades muestra completa         213                       umbral >= 100
  OK    Trades curva OOS                137                       umbral >= 40
  OK    Régimen: retorno 2020           +1.31 %                   umbral > 0
  OK    Régimen: retorno 2021           +1.12 %                   umbral > 0
  OK    Régimen: retorno 2023           +2.83 %                   umbral > 0
  OK    Régimen: retorno 2024           +0.78 %                   umbral > 0
  OK    Régimen: retorno 2022           +0.00 %                   umbral >= -8 %
  OK    Régimen: max DD intra-año       2.70 % (2024)             umbral <= 25 %
  OK    Meseta ±20 %                    100.00 %                  umbral >= 80 % de variantes con PF > 1.1 y retorno > 0
  OK    Monte Carlo DD p95              4.12 %                    umbral <= 35 %
  n/a   Holdout                         -                         umbral PF > 1.1 y DD <= 25 %
duracion 29 s
registrado: WF-0023-supertrend-4h-a-5bps-walkforward -> /Users/joaquinmarcoff/Desktop/Projects/trading-bot-project/trading-bot/experiments/runs/WF-0023-supertrend-4h-a-5bps-walkforward
